../Core/Src/main.c:74:6:GenerateSineTable	2
../Core/Src/main.c:82:6:GenerateSquareTable	3
../Core/Src/main.c:90:6:GenerateTriangleTable	3
../Core/Src/main.c:103:6:CycleWaveform	1
../Core/Src/main.c:108:6:DAC_SetValue	1
../Core/Src/main.c:134:6:POT_SetValue	2
../Core/Src/main.c:159:5:main	2
../Core/Src/main.c:218:6:SystemClock_Config	3
../Core/Src/main.c:265:13:MX_SPI1_Init	2
../Core/Src/main.c:305:13:MX_SPI2_Init	2
../Core/Src/main.c:345:13:MX_TIM14_Init	2
../Core/Src/main.c:376:13:MX_GPIO_Init	1
../Core/Src/main.c:420:6:HAL_GPIO_EXTI_Falling_Callback	6
../Core/Src/main.c:445:6:Error_Handler	1
