../Core/Src/main.c:81:6:GenerateSineTable	16	static
../Core/Src/main.c:86:6:GenerateSquareTable	16	static
../Core/Src/main.c:91:6:GenerateTriangleTable	16	static
../Core/Src/main.c:99:6:CycleWaveform	8	static
../Core/Src/main.c:103:6:DAC_SetValue	32	static
../Core/Src/main.c:121:6:POT_SetValue	32	static
../Core/Src/main.c:147:6:set_RC_filter	24	static
../Core/Src/main.c:180:6:set_capacitors	24	static
../Core/Src/main.c:216:6:adjust_pot_based_on_TIM14	16	static
../Core/Src/main.c:286:5:main	8	static
../Core/Src/main.c:349:6:SystemClock_Config	88	static
../Core/Src/main.c:396:13:MX_SPI1_Init	8	static
../Core/Src/main.c:436:13:MX_SPI2_Init	8	static
../Core/Src/main.c:476:13:MX_TIM14_Init	8	static
../Core/Src/main.c:507:13:MX_GPIO_Init	48	static
../Core/Src/main.c:554:6:HAL_GPIO_EXTI_Falling_Callback	16	static
../Core/Src/main.c:576:6:Error_Handler	8	static,ignoring_inline_asm
